Oct 21 14:00:01 host sshd[100]: Failed password for invalid user admin from 1.2.3.4 port 22 ssh2
Oct 21 14:00:05 host sshd[101]: Failed password for invalid user admin from 1.2.3.4 port 22 ssh2
Oct 21 14:01:10 host sshd[102]: Failed password for invalid user admin from 1.2.3.4 port 22 ssh2
Oct 21 14:02:00 host sshd[103]: Failed password for invalid user root from 5.6.7.8 port 22 ssh2
2023-10-21T14:03:00 - Failed login from 9.10.11.12: authentication failure
2023-10-21T14:03:05 - Failed login from 9.10.11.12: authentication failure
21/Oct/2023:14:04:00 - - [client 13.14.15.16] "POST /login HTTP/1.1" 401 182
Oct 21 14:05:00 host sshd[104]: Accepted password for gooduser from 2.2.2.2 port 22 ssh2
Random unrelated log entry that should not match anything
2023-10-21T14:03:20 - Failed login from 9.10.11.12: authentication failure
2023-10-21T14:03:35 - Failed login from 9.10.11.12: authentication failure
2023-10-21T14:20:35 - Failed login from 9.10.11.12: authentication failure
2023-10-21T14:21:52 - Failed login from 9.10.11.12: authentication failure